Watching for file changes with StatReloader
D:\xwechat_files\wxid_0x71zojosvp622_e4a7\msg\file\2026-06\sjh(2)\sjh\ctf-platform\ctf-platform-export-20260315_184335\project-code\backend\venv\Lib\site-packages\asgiref\sync.py:608: UserWarning: async_to_sync was passed a non-async-marked callable
  return AsyncToSync(
[09/Jun/2026 22:49:25] "GET /api/challenges/ HTTP/1.1" 200 65
[09/Jun/2026 22:49:25] "GET /api/challenges/ HTTP/1.1" 200 65
[09/Jun/2026 22:49:25,803] - Broken pipe from ('127.0.0.1', 59261)
[09/Jun/2026 22:53:39] "GET /api/announcements/announcements/pinned/ HTTP/1.1" 200 1301
[09/Jun/2026 22:53:40] "GET /api/challenges/challenges/ HTTP/1.1" 200 7735
D:\xwechat_files\wxid_0x71zojosvp622_e4a7\msg\file\2026-06\sjh(2)\sjh\ctf-platform\ctf-platform-export-20260315_184335\project-code\backend\venv\Lib\site-packages\rest_framework\pagination.py:207: UnorderedObjectListWarning: Pagination may yield inconsistent results with an unordered object_list: <class 'challenges.models.Category'> QuerySet.
  paginator = self.django_paginator_class(queryset, page_size)
[09/Jun/2026 22:53:42] "GET /api/challenges/categories/ HTTP/1.1" 200 489
[09/Jun/2026 22:53:42] "GET /api/submissions/stats/ HTTP/1.1" 200 737
[09/Jun/2026 22:53:42] "GET /api/challenges/challenges/ HTTP/1.1" 200 7735
[09/Jun/2026 22:54:02] "GET /api/ai/multi-agent/presets/ HTTP/1.1" 200 790
[09/Jun/2026 22:54:08] "GET /api/student-profiles/me/ HTTP/1.1" 200 518
[09/Jun/2026 23:00:47] "POST /api/ai/multi-agent/chat/ HTTP/1.1" 200 459
[09/Jun/2026 23:00:47,109] - Broken pipe from ('127.0.0.1', 64822)
[09/Jun/2026 23:00:49] "POST /api/ai/multi-agent/chat/ HTTP/1.1" 200 453
[09/Jun/2026 23:00:49,448] - Broken pipe from ('127.0.0.1', 64819)
[09/Jun/2026 23:02:10] "POST /api/ai/multi-agent/chat/ HTTP/1.1" 200 444
[09/Jun/2026 23:02:10,132] - Broken pipe from ('127.0.0.1', 56544)
Unauthorized: /api/ai/learning/tutoring/
[09/Jun/2026 23:02:40] "POST /api/ai/learning/tutoring/ HTTP/1.1" 401 92
[09/Jun/2026 23:02:40,279] - Broken pipe from ('127.0.0.1', 56582)
[09/Jun/2026 23:04:39] "POST /api/ai/learning/tutoring/ HTTP/1.1" 200 3395
[09/Jun/2026 23:04:39,412] - Broken pipe from ('127.0.0.1', 56590)
[09/Jun/2026 23:05:16] "GET /api/announcements/announcements/pinned/ HTTP/1.1" 200 1301
[09/Jun/2026 23:05:16] "GET /api/ai/multi-agent/presets/ HTTP/1.1" 200 790
D:\xwechat_files\wxid_0x71zojosvp622_e4a7\msg\file\2026-06\sjh(2)\sjh\ctf-platform\ctf-platform-export-20260315_184335\project-code\backend\ai_assistant\views.py changed, reloading.
Watching for file changes with StatReloader
D:\xwechat_files\wxid_0x71zojosvp622_e4a7\msg\file\2026-06\sjh(2)\sjh\ctf-platform\ctf-platform-export-20260315_184335\project-code\backend\venv\Lib\site-packages\asgiref\sync.py:608: UserWarning: async_to_sync was passed a non-async-marked callable
  return AsyncToSync(
[09/Jun/2026 23:06:32] "POST /api/ai/multi-agent/chat/ HTTP/1.1" 200 452
[09/Jun/2026 23:08:24] "GET /api/announcements/announcements/pinned/ HTTP/1.1" 200 1301
[09/Jun/2026 23:08:24] "GET /api/ai/multi-agent/presets/ HTTP/1.1" 200 790
[09/Jun/2026 23:08:30] "GET /api/student-profiles/me/ HTTP/1.1" 200 518
[09/Jun/2026 23:10:17] "POST /api/ai/learning/tutoring/ HTTP/1.1" 200 3029
[09/Jun/2026 23:20:35] "GET /api/users/leaderboard/?page_size=100 HTTP/1.1" 200 3730
[09/Jun/2026 23:20:35] "GET /api/challenges/challenges/ HTTP/1.1" 200 7735
[09/Jun/2026 23:20:38] "GET /api/users/admin/users/?page=1&page_size=20&search= HTTP/1.1" 200 5660
[09/Jun/2026 23:20:57] "GET /api/analytics/admin/student-report/ HTTP/1.1" 200 21333
[09/Jun/2026 23:20:57] "GET /api/analytics/admin/scores/?student_id=53 HTTP/1.1" 200 100
[09/Jun/2026 23:20:57] "GET /api/analytics/admin/teaching-plan/53/ HTTP/1.1" 200 1736
D:\xwechat_files\wxid_0x71zojosvp622_e4a7\msg\file\2026-06\sjh(2)\sjh\ctf-platform\ctf-platform-export-20260315_184335\project-code\backend\learning_analytics\views.py changed, reloading.
Watching for file changes with StatReloader
D:\xwechat_files\wxid_0x71zojosvp622_e4a7\msg\file\2026-06\sjh(2)\sjh\ctf-platform\ctf-platform-export-20260315_184335\project-code\backend\venv\Lib\site-packages\asgiref\sync.py:608: UserWarning: async_to_sync was passed a non-async-marked callable
  return AsyncToSync(
D:\xwechat_files\wxid_0x71zojosvp622_e4a7\msg\file\2026-06\sjh(2)\sjh\ctf-platform\ctf-platform-export-20260315_184335\project-code\backend\learning_analytics\views.py changed, reloading.
Watching for file changes with StatReloader
D:\xwechat_files\wxid_0x71zojosvp622_e4a7\msg\file\2026-06\sjh(2)\sjh\ctf-platform\ctf-platform-export-20260315_184335\project-code\backend\venv\Lib\site-packages\asgiref\sync.py:608: UserWarning: async_to_sync was passed a non-async-marked callable
  return AsyncToSync(
[09/Jun/2026 23:30:02] "GET /api/analytics/admin/student-report/ HTTP/1.1" 200 21333
[09/Jun/2026 23:30:02] "GET /api/analytics/admin/scores/?student_id=53 HTTP/1.1" 200 545
[09/Jun/2026 23:30:02] "GET /api/analytics/admin/teaching-plan/53/ HTTP/1.1" 200 1736
[09/Jun/2026 23:31:29] "GET /api/analytics/admin/scores/?student_id=60 HTTP/1.1" 200 545
[09/Jun/2026 23:31:29,377] - Broken pipe from ('127.0.0.1', 53368)
[09/Jun/2026 23:32:10] "GET /api/analytics/admin/scores/?student_id=60 HTTP/1.1" 200 545
[09/Jun/2026 23:32:10,536] - Broken pipe from ('127.0.0.1', 53537)
[09/Jun/2026 23:33:36] "GET /api/announcements/announcements/pinned/ HTTP/1.1" 200 1301
[09/Jun/2026 23:33:37] "GET /api/analytics/admin/student-report/ HTTP/1.1" 200 21333
[09/Jun/2026 23:33:37] "GET /api/analytics/admin/teaching-plan/53/ HTTP/1.1" 200 1736
[09/Jun/2026 23:33:37] "GET /api/analytics/admin/scores/?student_id=53 HTTP/1.1" 200 545
[09/Jun/2026 23:33:44] "GET /api/analytics/admin/scores/?student_id=40 HTTP/1.1" 200 544
[09/Jun/2026 23:33:44] "GET /api/analytics/admin/teaching-plan/40/ HTTP/1.1" 200 1760
[09/Jun/2026 23:34:18] "GET /api/announcements/announcements/pinned/ HTTP/1.1" 200 1301
[09/Jun/2026 23:34:18] "GET /api/challenges/challenges/ HTTP/1.1" 200 7735
[09/Jun/2026 23:34:26] "POST /api/users/login/ HTTP/1.1" 200 476
[09/Jun/2026 23:34:27] "GET /api/challenges/challenges/ HTTP/1.1" 200 7736
[09/Jun/2026 23:34:29] "GET /api/student-profiles/me/ HTTP/1.1" 200 920
[09/Jun/2026 23:34:29] "GET /api/student-profiles/me/persona/ HTTP/1.1" 200 303
[09/Jun/2026 23:34:29] "GET /api/analytics/progress-report/ HTTP/1.1" 200 483
[09/Jun/2026 23:34:29] "GET /api/submissions/stats/ HTTP/1.1" 200 726
[09/Jun/2026 23:34:29] "GET /api/articles/articles/recommend/?limit=3 HTTP/1.1" 200 2080
Failed to build teaching plan snapshot for student_id=40: database is locked
[09/Jun/2026 23:34:29] "GET /api/analytics/insights/ HTTP/1.1" 200 2820
[09/Jun/2026 23:34:29] "GET /api/ai/learning/recommend/ HTTP/1.1" 200 1430
[09/Jun/2026 23:34:29] "GET /api/analytics/teaching-plan/ HTTP/1.1" 200 1760
[09/Jun/2026 23:34:29] "GET /api/learning-paths/recommendations/review-reminders/ HTTP/1.1" 200 1012
[09/Jun/2026 23:34:29] "GET /api/resources/?page_size=3&ordering=-view_count HTTP/1.1" 200 18820
[09/Jun/2026 23:34:30] "GET /api/learning-paths/paths/?page_size=3 HTTP/1.1" 200 57959
[09/Jun/2026 23:34:37] "GET /api/ai/multi-agent/presets/ HTTP/1.1" 200 790
[09/Jun/2026 23:34:38] "GET /api/learning-paths/paths/ HTTP/1.1" 200 57959
[09/Jun/2026 23:34:40] "GET /api/resources/?page=1&page_size=12&ordering=-created_at HTTP/1.1" 200 18820
[09/Jun/2026 23:34:41] "GET /api/articles/categories/ HTTP/1.1" 200 708
[09/Jun/2026 23:34:41] "GET /api/articles/articles/recommend/?limit=6 HTTP/1.1" 200 2799
[09/Jun/2026 23:34:41] "GET /api/articles/articles/hot/?limit=10 HTTP/1.1" 200 4818
[09/Jun/2026 23:34:41] "GET /api/articles/articles/?page=1&page_size=10 HTTP/1.1" 200 4846
[09/Jun/2026 23:34:47] "GET /api/ai/multi-agent/presets/ HTTP/1.1" 200 790
[09/Jun/2026 23:34:48] "GET /api/learning-paths/paths/ HTTP/1.1" 200 57959
[09/Jun/2026 23:34:50] "GET /api/student-profiles/me/ HTTP/1.1" 200 920
[09/Jun/2026 23:34:50] "GET /api/student-profiles/me/persona/ HTTP/1.1" 200 303
[09/Jun/2026 23:34:50] "GET /api/analytics/progress-report/ HTTP/1.1" 200 483
[09/Jun/2026 23:34:50] "GET /api/submissions/stats/ HTTP/1.1" 200 726
[09/Jun/2026 23:34:50] "GET /api/articles/articles/recommend/?limit=3 HTTP/1.1" 200 2080
[09/Jun/2026 23:34:50] "GET /api/ai/learning/recommend/ HTTP/1.1" 200 1430
[09/Jun/2026 23:34:50] "GET /api/analytics/insights/ HTTP/1.1" 200 2820
[09/Jun/2026 23:34:50] "GET /api/analytics/teaching-plan/ HTTP/1.1" 200 1760
[09/Jun/2026 23:34:50] "GET /api/learning-paths/recommendations/review-reminders/ HTTP/1.1" 200 1012
[09/Jun/2026 23:34:50] "GET /api/resources/?page_size=3&ordering=-view_count HTTP/1.1" 200 18820
[09/Jun/2026 23:34:50] "GET /api/learning-paths/paths/?page_size=3 HTTP/1.1" 200 57959
[09/Jun/2026 23:34:54] "GET /api/learning-paths/progress/ HTTP/1.1" 200 332
[09/Jun/2026 23:34:54] "GET /api/learning-paths/modules/?learning_path=6 HTTP/1.1" 200 2384
[09/Jun/2026 23:34:54] "GET /api/learning-paths/paths/6/ HTTP/1.1" 200 2651
[09/Jun/2026 23:34:54] "GET /api/learning-paths/knowledge-concepts/?limit=6 HTTP/1.1" 200 8780
[09/Jun/2026 23:34:57] "GET /api/student-profiles/me/ HTTP/1.1" 200 920
[09/Jun/2026 23:34:57] "GET /api/student-profiles/me/persona/ HTTP/1.1" 200 303
[09/Jun/2026 23:34:57] "GET /api/articles/articles/recommend/?limit=3 HTTP/1.1" 200 2080
[09/Jun/2026 23:34:57] "GET /api/analytics/progress-report/ HTTP/1.1" 200 483
Failed to build teaching plan snapshot for student_id=40: database is locked
[09/Jun/2026 23:34:57] "GET /api/ai/learning/recommend/ HTTP/1.1" 200 1396
[09/Jun/2026 23:34:57] "GET /api/analytics/insights/ HTTP/1.1" 200 2820
[09/Jun/2026 23:34:57] "GET /api/submissions/stats/ HTTP/1.1" 200 726
[09/Jun/2026 23:34:57] "GET /api/analytics/teaching-plan/ HTTP/1.1" 200 1760
[09/Jun/2026 23:34:57] "GET /api/learning-paths/recommendations/review-reminders/ HTTP/1.1" 200 1012
[09/Jun/2026 23:34:57] "GET /api/resources/?page_size=3&ordering=-view_count HTTP/1.1" 200 18820
[09/Jun/2026 23:34:57] "GET /api/learning-paths/paths/?page_size=3 HTTP/1.1" 200 57959
D:\xwechat_files\wxid_0x71zojosvp622_e4a7\msg\file\2026-06\sjh(2)\sjh\ctf-platform\ctf-platform-export-20260315_184335\project-code\backend\venv\Lib\site-packages\rest_framework\pagination.py:207: UnorderedObjectListWarning: Pagination may yield inconsistent results with an unordered object_list: <class 'challenges.models.Category'> QuerySet.
  paginator = self.django_paginator_class(queryset, page_size)
[09/Jun/2026 23:37:04] "GET /api/submissions/stats/ HTTP/1.1" 200 726
[09/Jun/2026 23:37:04] "GET /api/challenges/categories/ HTTP/1.1" 200 489
[09/Jun/2026 23:37:04] "GET /api/challenges/challenges/ HTTP/1.1" 200 7736
[09/Jun/2026 23:37:11] "GET /api/student-profiles/me/ HTTP/1.1" 200 920
[09/Jun/2026 23:37:11] "GET /api/student-profiles/me/persona/ HTTP/1.1" 200 303
[09/Jun/2026 23:37:11] "GET /api/articles/articles/recommend/?limit=3 HTTP/1.1" 200 2080
[09/Jun/2026 23:37:11] "GET /api/submissions/stats/ HTTP/1.1" 200 726
[09/Jun/2026 23:37:11] "GET /api/analytics/progress-report/ HTTP/1.1" 200 483
Failed to build teaching plan snapshot for student_id=40: database is locked
[09/Jun/2026 23:37:11] "GET /api/ai/learning/recommend/ HTTP/1.1" 200 1430
[09/Jun/2026 23:37:11] "GET /api/analytics/insights/ HTTP/1.1" 200 2820
[09/Jun/2026 23:37:12] "GET /api/learning-paths/recommendations/review-reminders/ HTTP/1.1" 200 1012
[09/Jun/2026 23:37:12] "GET /api/analytics/teaching-plan/ HTTP/1.1" 200 1760
[09/Jun/2026 23:37:12] "GET /api/resources/?page_size=3&ordering=-view_count HTTP/1.1" 200 18820
[09/Jun/2026 23:37:12] "GET /api/learning-paths/paths/?page_size=3 HTTP/1.1" 200 57959
[09/Jun/2026 23:37:21] "GET /api/challenges/categories/ HTTP/1.1" 200 489
[09/Jun/2026 23:37:21] "GET /api/submissions/stats/ HTTP/1.1" 200 726
[09/Jun/2026 23:37:21] "GET /api/challenges/challenges/ HTTP/1.1" 200 7736
[09/Jun/2026 23:37:21] "GET /api/student-profiles/me/ HTTP/1.1" 200 920
[09/Jun/2026 23:37:21] "GET /api/student-profiles/me/persona/ HTTP/1.1" 200 303
[09/Jun/2026 23:37:21] "GET /api/analytics/progress-report/ HTTP/1.1" 200 483
[09/Jun/2026 23:37:22] "GET /api/analytics/insights/ HTTP/1.1" 200 2820
[09/Jun/2026 23:37:22] "GET /api/articles/articles/recommend/?limit=3 HTTP/1.1" 200 2080
[09/Jun/2026 23:37:22] "GET /api/ai/learning/recommend/ HTTP/1.1" 200 1430
[09/Jun/2026 23:37:22] "GET /api/submissions/stats/ HTTP/1.1" 200 726
[09/Jun/2026 23:37:22] "GET /api/learning-paths/recommendations/review-reminders/ HTTP/1.1" 200 1012
[09/Jun/2026 23:37:22] "GET /api/analytics/teaching-plan/ HTTP/1.1" 200 1760
[09/Jun/2026 23:37:22] "GET /api/resources/?page_size=3&ordering=-view_count HTTP/1.1" 200 18820
[09/Jun/2026 23:37:22] "GET /api/learning-paths/paths/?page_size=3 HTTP/1.1" 200 57959
[09/Jun/2026 23:37:22] "GET /api/ai/multi-agent/presets/ HTTP/1.1" 200 790
[09/Jun/2026 23:37:23] "GET /api/learning-paths/paths/ HTTP/1.1" 200 57959
[09/Jun/2026 23:37:23] "GET /api/resources/?page=1&page_size=12&ordering=-created_at HTTP/1.1" 200 18820
[09/Jun/2026 23:37:24] "GET /api/articles/articles/recommend/?limit=6 HTTP/1.1" 200 2799
[09/Jun/2026 23:37:24] "GET /api/articles/categories/ HTTP/1.1" 200 708
[09/Jun/2026 23:37:24] "GET /api/articles/articles/?page=1&page_size=10 HTTP/1.1" 200 4846
[09/Jun/2026 23:37:24] "GET /api/articles/articles/hot/?limit=10 HTTP/1.1" 200 4818
[09/Jun/2026 23:37:24] "GET /api/exams/level-rules/ HTTP/1.1" 200 556
[09/Jun/2026 23:37:24] "GET /api/exams/records/statistics/ HTTP/1.1" 200 111
[09/Jun/2026 23:37:24] "GET /api/exams/records/score_trend/ HTTP/1.1" 200 100
[09/Jun/2026 23:37:24] "GET /api/exams/records/my_history/ HTTP/1.1" 200 18188
[09/Jun/2026 23:37:24] "GET /api/exams/records/?status=in_progress HTTP/1.1" 200 52
[09/Jun/2026 23:37:25] "GET /api/challenges/challenges/ HTTP/1.1" 200 7736
[09/Jun/2026 23:37:26] "GET /api/challenges/categories/ HTTP/1.1" 200 489
[09/Jun/2026 23:37:26] "GET /api/submissions/stats/ HTTP/1.1" 200 726
[09/Jun/2026 23:37:26] "GET /api/challenges/challenges/ HTTP/1.1" 200 7736
[09/Jun/2026 23:37:28] "GET /api/student-profiles/me/ HTTP/1.1" 200 920
[09/Jun/2026 23:37:28] "GET /api/student-profiles/me/persona/ HTTP/1.1" 200 303
[09/Jun/2026 23:37:28] "GET /api/analytics/progress-report/ HTTP/1.1" 200 483
[09/Jun/2026 23:37:28] "GET /api/articles/articles/recommend/?limit=3 HTTP/1.1" 200 2080
Failed to build teaching plan snapshot for student_id=40: database is locked
[09/Jun/2026 23:37:28] "GET /api/ai/learning/recommend/ HTTP/1.1" 200 1396
[09/Jun/2026 23:37:28] "GET /api/analytics/insights/ HTTP/1.1" 200 2820
[09/Jun/2026 23:37:28] "GET /api/submissions/stats/ HTTP/1.1" 200 726
[09/Jun/2026 23:37:28] "GET /api/analytics/teaching-plan/ HTTP/1.1" 200 1760
[09/Jun/2026 23:37:28] "GET /api/learning-paths/recommendations/review-reminders/ HTTP/1.1" 200 1012
[09/Jun/2026 23:37:28] "GET /api/resources/?page_size=3&ordering=-view_count HTTP/1.1" 200 18820
[09/Jun/2026 23:37:28] "GET /api/learning-paths/paths/?page_size=3 HTTP/1.1" 200 57959
[09/Jun/2026 23:37:31] "GET /api/ai/multi-agent/presets/ HTTP/1.1" 200 790
[09/Jun/2026 23:37:32] "GET /api/learning-paths/paths/ HTTP/1.1" 200 57959
[09/Jun/2026 23:37:32] "GET /api/resources/?page=1&page_size=12&ordering=-created_at HTTP/1.1" 200 18820
[09/Jun/2026 23:37:33] "GET /api/articles/categories/ HTTP/1.1" 200 708
[09/Jun/2026 23:37:33] "GET /api/articles/articles/?page=1&page_size=10 HTTP/1.1" 200 4846
[09/Jun/2026 23:37:33] "GET /api/articles/articles/recommend/?limit=6 HTTP/1.1" 200 2799
[09/Jun/2026 23:37:33] "GET /api/articles/articles/hot/?limit=10 HTTP/1.1" 200 4818
[09/Jun/2026 23:37:34] "GET /api/exams/level-rules/ HTTP/1.1" 200 556
[09/Jun/2026 23:37:34] "GET /api/exams/records/statistics/ HTTP/1.1" 200 111
[09/Jun/2026 23:37:34] "GET /api/exams/records/score_trend/ HTTP/1.1" 200 100
[09/Jun/2026 23:37:34] "GET /api/exams/records/my_history/ HTTP/1.1" 200 18188
[09/Jun/2026 23:37:34] "GET /api/exams/records/?status=in_progress HTTP/1.1" 200 52
[09/Jun/2026 23:37:38] "GET /api/challenges/challenges/ HTTP/1.1" 200 7736
Forbidden: /api/analytics/admin/student-report/
[09/Jun/2026 23:37:40] "GET /api/analytics/admin/student-report/ HTTP/1.1" 403 49
[09/Jun/2026 23:37:43] "GET /api/announcements/announcements/pinned/ HTTP/1.1" 200 1301
[09/Jun/2026 23:37:43] "GET /api/student-profiles/me/ HTTP/1.1" 200 920
[09/Jun/2026 23:37:43] "GET /api/student-profiles/me/persona/ HTTP/1.1" 200 303
[09/Jun/2026 23:37:43] "GET /api/analytics/progress-report/ HTTP/1.1" 200 483
[09/Jun/2026 23:37:43] "GET /api/articles/articles/recommend/?limit=3 HTTP/1.1" 200 2080
[09/Jun/2026 23:37:43] "GET /api/submissions/stats/ HTTP/1.1" 200 726
[09/Jun/2026 23:37:43] "GET /api/ai/learning/recommend/ HTTP/1.1" 200 1430
Failed to build teaching plan snapshot for student_id=40: database is locked
[09/Jun/2026 23:37:43] "GET /api/analytics/insights/ HTTP/1.1" 200 2820
[09/Jun/2026 23:37:43] "GET /api/analytics/teaching-plan/ HTTP/1.1" 200 1760
[09/Jun/2026 23:37:43] "GET /api/learning-paths/recommendations/review-reminders/ HTTP/1.1" 200 1012
[09/Jun/2026 23:37:44] "GET /api/resources/?page_size=3&ordering=-view_count HTTP/1.1" 200 18820
[09/Jun/2026 23:37:44] "GET /api/learning-paths/paths/?page_size=3 HTTP/1.1" 200 57959
Unauthorized: /api/users/login/
[09/Jun/2026 23:37:52] "POST /api/users/login/ HTTP/1.1" 401 36
[09/Jun/2026 23:37:56] "POST /api/users/login/ HTTP/1.1" 200 497
[09/Jun/2026 23:37:56] "GET /api/challenges/challenges/ HTTP/1.1" 200 7735
[09/Jun/2026 23:46:12] "GET /api/ai/multi-agent/presets/ HTTP/1.1" 200 790
[09/Jun/2026 23:48:50] "GET /api/announcements/announcements/pinned/ HTTP/1.1" 200 1301
[09/Jun/2026 23:48:50] "GET /api/ai/multi-agent/presets/ HTTP/1.1" 200 790
[09/Jun/2026 23:48:52] "GET /api/learning-paths/paths/ HTTP/1.1" 200 57959
[09/Jun/2026 23:48:53] "GET /api/resources/?page=1&page_size=12&ordering=-created_at HTTP/1.1" 200 18820
[09/Jun/2026 23:48:54] "GET /api/articles/articles/hot/?limit=10 HTTP/1.1" 200 4818
[09/Jun/2026 23:48:54] "GET /api/articles/articles/recommend/?limit=6 HTTP/1.1" 200 2799
[09/Jun/2026 23:48:54] "GET /api/articles/articles/?page=1&page_size=10 HTTP/1.1" 200 5544
[09/Jun/2026 23:48:54] "GET /api/articles/categories/ HTTP/1.1" 200 708
[09/Jun/2026 23:48:54] "GET /api/exams/level-rules/ HTTP/1.1" 200 556
[09/Jun/2026 23:48:54] "GET /api/exams/records/statistics/ HTTP/1.1" 200 114
[09/Jun/2026 23:48:54] "GET /api/exams/records/score_trend/ HTTP/1.1" 200 88
[09/Jun/2026 23:48:55] "GET /api/exams/records/my_history/ HTTP/1.1" 200 9063
[09/Jun/2026 23:48:55] "GET /api/exams/records/?status=in_progress HTTP/1.1" 200 565
[09/Jun/2026 23:48:55] "GET /api/users/leaderboard/?page_size=100 HTTP/1.1" 200 3730
[09/Jun/2026 23:48:55] "GET /api/challenges/challenges/ HTTP/1.1" 200 7735
[09/Jun/2026 23:49:03] "GET /api/challenges/categories/ HTTP/1.1" 200 489
[09/Jun/2026 23:49:03] "GET /api/challenges/challenges/ HTTP/1.1" 200 7735
[09/Jun/2026 23:49:04] "GET /api/users/admin/users/?page=1&page_size=20&search= HTTP/1.1" 200 5660
[09/Jun/2026 23:49:06] "GET /api/analytics/admin/student-report/ HTTP/1.1" 200 21333
[09/Jun/2026 23:49:06] "GET /api/analytics/admin/scores/?student_id=53 HTTP/1.1" 200 545
[09/Jun/2026 23:49:06] "GET /api/analytics/admin/teaching-plan/53/ HTTP/1.1" 200 1736
[09/Jun/2026 23:49:08] "GET /api/challenges/challenges/ HTTP/1.1" 200 7735
[09/Jun/2026 23:49:12] "GET /api/analytics/admin/student-report/ HTTP/1.1" 200 21333
[09/Jun/2026 23:49:12] "GET /api/ai/multi-agent/presets/ HTTP/1.1" 200 790
[09/Jun/2026 23:49:13] "GET /api/analytics/admin/student-report/ HTTP/1.1" 200 21333
[09/Jun/2026 23:49:29] "GET /api/users/leaderboard/?page_size=100 HTTP/1.1" 200 3730
[09/Jun/2026 23:49:30] "GET /api/challenges/challenges/ HTTP/1.1" 200 7735
[09/Jun/2026 23:49:31] "GET /api/analytics/admin/student-report/ HTTP/1.1" 200 21333
[09/Jun/2026 23:49:31] "GET /api/analytics/admin/teaching-plan/53/ HTTP/1.1" 200 1736
[09/Jun/2026 23:49:31] "GET /api/analytics/admin/scores/?student_id=53 HTTP/1.1" 200 545
[09/Jun/2026 23:49:35] "GET /api/analytics/admin/teaching-plan/40/ HTTP/1.1" 200 1760
[09/Jun/2026 23:49:35] "GET /api/analytics/admin/scores/?student_id=40 HTTP/1.1" 200 544
[09/Jun/2026 23:50:49] "POST /api/analytics/admin/scores/ HTTP/1.1" 201 485
[09/Jun/2026 23:50:49] "GET /api/analytics/admin/scores/?student_id=40 HTTP/1.1" 200 1096
[09/Jun/2026 23:50:49] "GET /api/analytics/admin/teaching-plan/40/ HTTP/1.1" 200 2061
[09/Jun/2026 23:51:23] "POST /api/analytics/admin/scores/ HTTP/1.1" 201 433
[09/Jun/2026 23:51:23] "GET /api/analytics/admin/teaching-plan/40/ HTTP/1.1" 200 1937
[09/Jun/2026 23:51:23] "GET /api/analytics/admin/scores/?student_id=40 HTTP/1.1" 200 1568
[09/Jun/2026 23:52:01] "GET /api/challenges/challenges/ HTTP/1.1" 200 7740
[09/Jun/2026 23:52:02] "GET /api/challenges/categories/ HTTP/1.1" 200 489
[09/Jun/2026 23:52:02] "GET /api/challenges/challenges/ HTTP/1.1" 200 7740
[09/Jun/2026 23:52:16] "POST /api/users/login/ HTTP/1.1" 200 497
[09/Jun/2026 23:52:16] "GET /api/challenges/challenges/ HTTP/1.1" 200 7735
[09/Jun/2026 23:52:17] "GET /api/challenges/categories/ HTTP/1.1" 200 489
[09/Jun/2026 23:52:17] "GET /api/submissions/stats/ HTTP/1.1" 200 737
[09/Jun/2026 23:52:17] "GET /api/challenges/challenges/ HTTP/1.1" 200 7735
[09/Jun/2026 23:52:18] "GET /api/analytics/admin/student-report/ HTTP/1.1" 200 21332
[09/Jun/2026 23:52:19] "GET /api/ai/multi-agent/presets/ HTTP/1.1" 200 790
[09/Jun/2026 23:55:29] "GET /api/challenges/categories/ HTTP/1.1" 200 489
[09/Jun/2026 23:55:29] "GET /api/submissions/stats/ HTTP/1.1" 200 737
[09/Jun/2026 23:55:29] "GET /api/challenges/challenges/ HTTP/1.1" 200 7735
[09/Jun/2026 23:55:30] "GET /api/analytics/admin/student-report/ HTTP/1.1" 200 21332
[09/Jun/2026 23:55:31] "GET /api/ai/multi-agent/presets/ HTTP/1.1" 200 790
[09/Jun/2026 23:55:32] "GET /api/learning-paths/paths/ HTTP/1.1" 200 57959
[09/Jun/2026 23:55:33] "GET /api/resources/?page=1&page_size=12&ordering=-created_at HTTP/1.1" 200 18820
[09/Jun/2026 23:55:33] "GET /api/articles/articles/?page=1&page_size=10 HTTP/1.1" 200 5544
[09/Jun/2026 23:55:33] "GET /api/articles/articles/recommend/?limit=6 HTTP/1.1" 200 2799
[09/Jun/2026 23:55:33] "GET /api/articles/categories/ HTTP/1.1" 200 708
[09/Jun/2026 23:55:33] "GET /api/articles/articles/hot/?limit=10 HTTP/1.1" 200 4818
[09/Jun/2026 23:55:34] "GET /api/exams/level-rules/ HTTP/1.1" 200 556
[09/Jun/2026 23:55:34] "GET /api/exams/records/statistics/ HTTP/1.1" 200 114
[09/Jun/2026 23:55:34] "GET /api/exams/records/score_trend/ HTTP/1.1" 200 88
[09/Jun/2026 23:55:34] "GET /api/exams/records/my_history/ HTTP/1.1" 200 9063
[09/Jun/2026 23:55:34] "GET /api/exams/records/?status=in_progress HTTP/1.1" 200 565
[09/Jun/2026 23:55:34] "GET /api/users/leaderboard/?page_size=100 HTTP/1.1" 200 3730
[09/Jun/2026 23:55:35] "GET /api/challenges/challenges/ HTTP/1.1" 200 7735
[09/Jun/2026 23:55:38] "GET /api/challenges/challenges/ HTTP/1.1" 200 7735
