C:\Users\29681\AppData\Local\Programs\Python\Python312\Lib\site-packages\asgiref\sync.py:608: UserWarning: async_to_sync was passed a non-async-marked callable
  return AsyncToSync(
[07/Jun/2026 23:30:39] "GET /proxy/health/ HTTP/1.1" 200 8
[07/Jun/2026 23:30:39,647] - Broken pipe from ('127.0.0.1', 51399)
[07/Jun/2026 23:33:13] "GET /api/challenges/challenges/ HTTP/1.1" 200 7735
[07/Jun/2026 23:33:15] "GET /api/exams/level-rules/ HTTP/1.1" 200 556
[07/Jun/2026 23:33:15] "GET /api/exams/records/statistics/ HTTP/1.1" 200 125
[07/Jun/2026 23:33:15] "GET /api/exams/records/score_trend/ HTTP/1.1" 200 541
[07/Jun/2026 23:33:15] "GET /api/exams/records/my_history/ HTTP/1.1" 200 9063
[07/Jun/2026 23:33:15] "GET /api/exams/records/?status=in_progress HTTP/1.1" 200 565
[07/Jun/2026 23:33:16] "GET /api/articles/categories/ HTTP/1.1" 200 708
[07/Jun/2026 23:33:16] "GET /api/articles/articles/hot/?limit=10 HTTP/1.1" 200 4818
[07/Jun/2026 23:33:16] "GET /api/articles/articles/recommend/?limit=6 HTTP/1.1" 200 2799
[07/Jun/2026 23:33:16] "GET /api/articles/articles/?page=1&page_size=10 HTTP/1.1" 200 5544
[07/Jun/2026 23:33:17] "GET /api/resources/?page=1&page_size=12&ordering=-created_at HTTP/1.1" 200 18820
[07/Jun/2026 23:33:18] "GET /api/learning-paths/paths/ HTTP/1.1" 200 57959
[07/Jun/2026 23:33:18] "GET /api/ai/multi-agent/presets/ HTTP/1.1" 200 790
[07/Jun/2026 23:33:33] "POST /api/users/login/ HTTP/1.1" 200 476
[07/Jun/2026 23:33:33] "GET /api/challenges/challenges/ HTTP/1.1" 200 7736
[07/Jun/2026 23:33:34] "GET /api/ai/multi-agent/presets/ HTTP/1.1" 200 790
[07/Jun/2026 23:33:35] "GET /api/student-profiles/me/ HTTP/1.1" 200 920
[07/Jun/2026 23:33:35] "GET /api/student-profiles/me/persona/ HTTP/1.1" 200 303
[07/Jun/2026 23:33:35] "GET /api/articles/articles/recommend/?limit=3 HTTP/1.1" 200 2080
[07/Jun/2026 23:33:35] "GET /api/submissions/stats/ HTTP/1.1" 200 726
[07/Jun/2026 23:33:35] "GET /api/analytics/progress-report/ HTTP/1.1" 200 483
[07/Jun/2026 23:33:35] "GET /api/ai/learning/recommend/ HTTP/1.1" 200 1430
[07/Jun/2026 23:33:35] "GET /api/analytics/insights/ HTTP/1.1" 200 2820
[07/Jun/2026 23:33:35] "GET /api/learning-paths/recommendations/review-reminders/ HTTP/1.1" 200 1012
[07/Jun/2026 23:33:35] "GET /api/resources/?page_size=3&ordering=-view_count HTTP/1.1" 200 18820
Internal Server Error: /api/analytics/teaching-plan/
Traceback (most recent call last):
  File "C:\Users\29681\AppData\Local\Programs\Python\Python312\Lib\site-packages\django\db\backends\utils.py", line 105, in _execute
    return self.cursor.execute(sql, params)
           ^^^^^^^^^^^^^^^^^^^^^^^^^^^^^^^^
  File "C:\Users\29681\AppData\Local\Programs\Python\Python312\Lib\site-packages\django\db\backends\sqlite3\base.py", line 359, in execute
    return super().execute(query, params)
           ^^^^^^^^^^^^^^^^^^^^^^^^^^^^^^
sqlite3.OperationalError: database is locked

The above exception was the direct cause of the following exception:

Traceback (most recent call last):
  File "C:\Users\29681\AppData\Local\Programs\Python\Python312\Lib\site-packages\django\core\handlers\exception.py", line 55, in inner
    response = get_response(request)
               ^^^^^^^^^^^^^^^^^^^^^
  File "C:\Users\29681\AppData\Local\Programs\Python\Python312\Lib\site-packages\django\core\handlers\base.py", line 198, in _get_response
    response = wrapped_callback(request, *callback_args, **callback_kwargs)
               ^^^^^^^^^^^^^^^^^^^^^^^^^^^^^^^^^^^^^^^^^^^^^^^^^^^^^^^^^^^^
  File "C:\Users\29681\AppData\Local\Programs\Python\Python312\Lib\site-packages\django\views\decorators\csrf.py", line 65, in _view_wrapper
    return view_func(request, *args, **kwargs)
           ^^^^^^^^^^^^^^^^^^^^^^^^^^^^^^^^^^^
  File "C:\Users\29681\AppData\Local\Programs\Python\Python312\Lib\site-packages\django\views\generic\base.py", line 106, in view
    return self.dispatch(request, *args, **kwargs)
           ^^^^^^^^^^^^^^^^^^^^^^^^^^^^^^^^^^^^^^^
  File "C:\Users\29681\AppData\Local\Programs\Python\Python312\Lib\site-packages\rest_framework\views.py", line 515, in dispatch
    response = self.handle_exception(exc)
               ^^^^^^^^^^^^^^^^^^^^^^^^^^
  File "C:\Users\29681\AppData\Local\Programs\Python\Python312\Lib\site-packages\rest_framework\views.py", line 475, in handle_exception
    self.raise_uncaught_exception(exc)
  File "C:\Users\29681\AppData\Local\Programs\Python\Python312\Lib\site-packages\rest_framework\views.py", line 486, in raise_uncaught_exception
    raise exc
  File "C:\Users\29681\AppData\Local\Programs\Python\Python312\Lib\site-packages\rest_framework\views.py", line 512, in dispatch
    response = handler(request, *args, **kwargs)
               ^^^^^^^^^^^^^^^^^^^^^^^^^^^^^^^^^
  File "D:\xwechat_files\wxid_0x71zojosvp622_e4a7\msg\file\2026-06\sjh(2)\sjh\ctf-platform\ctf-platform-export-20260315_184335\project-code\backend\learning_analytics\views.py", line 412, in get
    plan = generate_teaching_plan(request.user)
           ^^^^^^^^^^^^^^^^^^^^^^^^^^^^^^^^^^^^
  File "D:\xwechat_files\wxid_0x71zojosvp622_e4a7\msg\file\2026-06\sjh(2)\sjh\ctf-platform\ctf-platform-export-20260315_184335\project-code\backend\learning_analytics\views.py", line 194, in generate_teaching_plan
    plan, _ = TeachingInterventionPlan.objects.update_or_create(
              ^^^^^^^^^^^^^^^^^^^^^^^^^^^^^^^^^^^^^^^^^^^^^^^^^^
  File "C:\Users\29681\AppData\Local\Programs\Python\Python312\Lib\site-packages\django\db\models\manager.py", line 87, in manager_method
    return getattr(self.get_queryset(), name)(*args, **kwargs)
           ^^^^^^^^^^^^^^^^^^^^^^^^^^^^^^^^^^^^^^^^^^^^^^^^^^^
  File "C:\Users\29681\AppData\Local\Programs\Python\Python312\Lib\site-packages\django\db\models\query.py", line 1053, in update_or_create
    obj.save(using=self.db, update_fields=update_fields)
  File "C:\Users\29681\AppData\Local\Programs\Python\Python312\Lib\site-packages\django\db\models\base.py", line 874, in save
    self.save_base(
  File "C:\Users\29681\AppData\Local\Programs\Python\Python312\Lib\site-packages\django\db\models\base.py", line 966, in save_base
    updated = self._save_table(
              ^^^^^^^^^^^^^^^^^
  File "C:\Users\29681\AppData\Local\Programs\Python\Python312\Lib\site-packages\django\db\models\base.py", line 1110, in _save_table
    results = self._do_update(
              ^^^^^^^^^^^^^^^^
  File "C:\Users\29681\AppData\Local\Programs\Python\Python312\Lib\site-packages\django\db\models\base.py", line 1213, in _do_update
    return filtered._update(values, returning_fields)
           ^^^^^^^^^^^^^^^^^^^^^^^^^^^^^^^^^^^^^^^^^^
  File "C:\Users\29681\AppData\Local\Programs\Python\Python312\Lib\site-packages\django\db\models\query.py", line 1327, in _update
    return query.get_compiler(self.db).execute_returning_sql(returning_fields)
           ^^^^^^^^^^^^^^^^^^^^^^^^^^^^^^^^^^^^^^^^^^^^^^^^^^^^^^^^^^^^^^^^^^^
  File "C:\Users\29681\AppData\Local\Programs\Python\Python312\Lib\site-packages\django\db\models\sql\compiler.py", line 2140, in execute_returning_sql
    row_count = self.execute_sql(ROW_COUNT)
                ^^^^^^^^^^^^^^^^^^^^^^^^^^^
  File "C:\Users\29681\AppData\Local\Programs\Python\Python312\Lib\site-packages\django\db\models\sql\compiler.py", line 2111, in execute_sql
    row_count = super().execute_sql(result_type)
                ^^^^^^^^^^^^^^^^^^^^^^^^^^^^^^^^
  File "C:\Users\29681\AppData\Local\Programs\Python\Python312\Lib\site-packages\django\db\models\sql\compiler.py", line 1624, in execute_sql
    cursor.execute(sql, params)
  File "C:\Users\29681\AppData\Local\Programs\Python\Python312\Lib\site-packages\django\db\backends\utils.py", line 122, in execute
    return super().execute(sql, params)
           ^^^^^^^^^^^^^^^^^^^^^^^^^^^^
  File "C:\Users\29681\AppData\Local\Programs\Python\Python312\Lib\site-packages\django\db\backends\utils.py", line 79, in execute
    return self._execute_with_wrappers(
           ^^^^^^^^^^^^^^^^^^^^^^^^^^^^
  File "C:\Users\29681\AppData\Local\Programs\Python\Python312\Lib\site-packages\django\db\backends\utils.py", line 92, in _execute_with_wrappers
    return executor(sql, params, many, context)
           ^^^^^^^^^^^^^^^^^^^^^^^^^^^^^^^^^^^^
  File "C:\Users\29681\AppData\Local\Programs\Python\Python312\Lib\site-packages\django\db\backends\utils.py", line 100, in _execute
    with self.db.wrap_database_errors:
         ^^^^^^^^^^^^^^^^^^^^^^^^^^^^
  File "C:\Users\29681\AppData\Local\Programs\Python\Python312\Lib\site-packages\django\db\utils.py", line 94, in __exit__
    raise dj_exc_value.with_traceback(traceback) from exc_value
  File "C:\Users\29681\AppData\Local\Programs\Python\Python312\Lib\site-packages\django\db\backends\utils.py", line 105, in _execute
    return self.cursor.execute(sql, params)
           ^^^^^^^^^^^^^^^^^^^^^^^^^^^^^^^^
  File "C:\Users\29681\AppData\Local\Programs\Python\Python312\Lib\site-packages\django\db\backends\sqlite3\base.py", line 359, in execute
    return super().execute(query, params)
           ^^^^^^^^^^^^^^^^^^^^^^^^^^^^^^
django.db.utils.OperationalError: database is locked
[07/Jun/2026 23:33:35] "GET /api/analytics/teaching-plan/ HTTP/1.1" 500 28179
[07/Jun/2026 23:33:35] "GET /api/learning-paths/paths/?page_size=3 HTTP/1.1" 200 57959
[07/Jun/2026 23:34:52] "GET /api/announcements/announcements/pinned/ HTTP/1.1" 200 1301
[07/Jun/2026 23:34:52] "GET /api/challenges/challenges/ HTTP/1.1" 200 7736
C:\Users\29681\AppData\Local\Programs\Python\Python312\Lib\site-packages\rest_framework\pagination.py:198: UnorderedObjectListWarning: Pagination may yield inconsistent results with an unordered object_list: <class 'challenges.models.Category'> QuerySet.
  paginator = self.django_paginator_class(queryset, page_size)
[07/Jun/2026 23:34:54] "GET /api/submissions/stats/ HTTP/1.1" 200 726
[07/Jun/2026 23:34:54] "GET /api/challenges/categories/ HTTP/1.1" 200 489
[07/Jun/2026 23:34:54] "GET /api/challenges/challenges/ HTTP/1.1" 200 7736
[07/Jun/2026 23:34:54] "GET /api/student-profiles/me/ HTTP/1.1" 200 920
[07/Jun/2026 23:34:54] "GET /api/student-profiles/me/persona/ HTTP/1.1" 200 303
[07/Jun/2026 23:34:55] "GET /api/analytics/progress-report/ HTTP/1.1" 200 483
[07/Jun/2026 23:34:55] "GET /api/submissions/stats/ HTTP/1.1" 200 726
[07/Jun/2026 23:34:55] "GET /api/articles/articles/recommend/?limit=3 HTTP/1.1" 200 2080
[07/Jun/2026 23:34:55] "GET /api/analytics/insights/ HTTP/1.1" 200 2820
[07/Jun/2026 23:34:55] "GET /api/ai/learning/recommend/ HTTP/1.1" 200 1430
[07/Jun/2026 23:34:55] "GET /api/learning-paths/recommendations/review-reminders/ HTTP/1.1" 200 1012
[07/Jun/2026 23:34:55] "GET /api/resources/?page_size=3&ordering=-view_count HTTP/1.1" 200 18820
Internal Server Error: /api/analytics/teaching-plan/
Traceback (most recent call last):
  File "C:\Users\29681\AppData\Local\Programs\Python\Python312\Lib\site-packages\django\db\backends\utils.py", line 105, in _execute
    return self.cursor.execute(sql, params)
           ^^^^^^^^^^^^^^^^^^^^^^^^^^^^^^^^
  File "C:\Users\29681\AppData\Local\Programs\Python\Python312\Lib\site-packages\django\db\backends\sqlite3\base.py", line 359, in execute
    return super().execute(query, params)
           ^^^^^^^^^^^^^^^^^^^^^^^^^^^^^^
sqlite3.OperationalError: database is locked

The above exception was the direct cause of the following exception:

Traceback (most recent call last):
  File "C:\Users\29681\AppData\Local\Programs\Python\Python312\Lib\site-packages\django\core\handlers\exception.py", line 55, in inner
    response = get_response(request)
               ^^^^^^^^^^^^^^^^^^^^^
  File "C:\Users\29681\AppData\Local\Programs\Python\Python312\Lib\site-packages\django\core\handlers\base.py", line 198, in _get_response
    response = wrapped_callback(request, *callback_args, **callback_kwargs)
               ^^^^^^^^^^^^^^^^^^^^^^^^^^^^^^^^^^^^^^^^^^^^^^^^^^^^^^^^^^^^
  File "C:\Users\29681\AppData\Local\Programs\Python\Python312\Lib\site-packages\django\views\decorators\csrf.py", line 65, in _view_wrapper
    return view_func(request, *args, **kwargs)
           ^^^^^^^^^^^^^^^^^^^^^^^^^^^^^^^^^^^
  File "C:\Users\29681\AppData\Local\Programs\Python\Python312\Lib\site-packages\django\views\generic\base.py", line 106, in view
    return self.dispatch(request, *args, **kwargs)
           ^^^^^^^^^^^^^^^^^^^^^^^^^^^^^^^^^^^^^^^
  File "C:\Users\29681\AppData\Local\Programs\Python\Python312\Lib\site-packages\rest_framework\views.py", line 515, in dispatch
    response = self.handle_exception(exc)
               ^^^^^^^^^^^^^^^^^^^^^^^^^^
  File "C:\Users\29681\AppData\Local\Programs\Python\Python312\Lib\site-packages\rest_framework\views.py", line 475, in handle_exception
    self.raise_uncaught_exception(exc)
  File "C:\Users\29681\AppData\Local\Programs\Python\Python312\Lib\site-packages\rest_framework\views.py", line 486, in raise_uncaught_exception
    raise exc
  File "C:\Users\29681\AppData\Local\Programs\Python\Python312\Lib\site-packages\rest_framework\views.py", line 512, in dispatch
    response = handler(request, *args, **kwargs)
               ^^^^^^^^^^^^^^^^^^^^^^^^^^^^^^^^^
  File "D:\xwechat_files\wxid_0x71zojosvp622_e4a7\msg\file\2026-06\sjh(2)\sjh\ctf-platform\ctf-platform-export-20260315_184335\project-code\backend\learning_analytics\views.py", line 412, in get
    plan = generate_teaching_plan(request.user)
           ^^^^^^^^^^^^^^^^^^^^^^^^^^^^^^^^^^^^
  File "D:\xwechat_files\wxid_0x71zojosvp622_e4a7\msg\file\2026-06\sjh(2)\sjh\ctf-platform\ctf-platform-export-20260315_184335\project-code\backend\learning_analytics\views.py", line 194, in generate_teaching_plan
    plan, _ = TeachingInterventionPlan.objects.update_or_create(
              ^^^^^^^^^^^^^^^^^^^^^^^^^^^^^^^^^^^^^^^^^^^^^^^^^^
  File "C:\Users\29681\AppData\Local\Programs\Python\Python312\Lib\site-packages\django\db\models\manager.py", line 87, in manager_method
    return getattr(self.get_queryset(), name)(*args, **kwargs)
           ^^^^^^^^^^^^^^^^^^^^^^^^^^^^^^^^^^^^^^^^^^^^^^^^^^^
  File "C:\Users\29681\AppData\Local\Programs\Python\Python312\Lib\site-packages\django\db\models\query.py", line 1053, in update_or_create
    obj.save(using=self.db, update_fields=update_fields)
  File "C:\Users\29681\AppData\Local\Programs\Python\Python312\Lib\site-packages\django\db\models\base.py", line 874, in save
    self.save_base(
  File "C:\Users\29681\AppData\Local\Programs\Python\Python312\Lib\site-packages\django\db\models\base.py", line 966, in save_base
    updated = self._save_table(
              ^^^^^^^^^^^^^^^^^
  File "C:\Users\29681\AppData\Local\Programs\Python\Python312\Lib\site-packages\django\db\models\base.py", line 1110, in _save_table
    results = self._do_update(
              ^^^^^^^^^^^^^^^^
  File "C:\Users\29681\AppData\Local\Programs\Python\Python312\Lib\site-packages\django\db\models\base.py", line 1213, in _do_update
    return filtered._update(values, returning_fields)
           ^^^^^^^^^^^^^^^^^^^^^^^^^^^^^^^^^^^^^^^^^^
  File "C:\Users\29681\AppData\Local\Programs\Python\Python312\Lib\site-packages\django\db\models\query.py", line 1327, in _update
    return query.get_compiler(self.db).execute_returning_sql(returning_fields)
           ^^^^^^^^^^^^^^^^^^^^^^^^^^^^^^^^^^^^^^^^^^^^^^^^^^^^^^^^^^^^^^^^^^^
  File "C:\Users\29681\AppData\Local\Programs\Python\Python312\Lib\site-packages\django\db\models\sql\compiler.py", line 2140, in execute_returning_sql
    row_count = self.execute_sql(ROW_COUNT)
                ^^^^^^^^^^^^^^^^^^^^^^^^^^^
  File "C:\Users\29681\AppData\Local\Programs\Python\Python312\Lib\site-packages\django\db\models\sql\compiler.py", line 2111, in execute_sql
    row_count = super().execute_sql(result_type)
                ^^^^^^^^^^^^^^^^^^^^^^^^^^^^^^^^
  File "C:\Users\29681\AppData\Local\Programs\Python\Python312\Lib\site-packages\django\db\models\sql\compiler.py", line 1624, in execute_sql
    cursor.execute(sql, params)
  File "C:\Users\29681\AppData\Local\Programs\Python\Python312\Lib\site-packages\django\db\backends\utils.py", line 122, in execute
    return super().execute(sql, params)
           ^^^^^^^^^^^^^^^^^^^^^^^^^^^^
  File "C:\Users\29681\AppData\Local\Programs\Python\Python312\Lib\site-packages\django\db\backends\utils.py", line 79, in execute
    return self._execute_with_wrappers(
           ^^^^^^^^^^^^^^^^^^^^^^^^^^^^
  File "C:\Users\29681\AppData\Local\Programs\Python\Python312\Lib\site-packages\django\db\backends\utils.py", line 92, in _execute_with_wrappers
    return executor(sql, params, many, context)
           ^^^^^^^^^^^^^^^^^^^^^^^^^^^^^^^^^^^^
  File "C:\Users\29681\AppData\Local\Programs\Python\Python312\Lib\site-packages\django\db\backends\utils.py", line 100, in _execute
    with self.db.wrap_database_errors:
         ^^^^^^^^^^^^^^^^^^^^^^^^^^^^
  File "C:\Users\29681\AppData\Local\Programs\Python\Python312\Lib\site-packages\django\db\utils.py", line 94, in __exit__
    raise dj_exc_value.with_traceback(traceback) from exc_value
  File "C:\Users\29681\AppData\Local\Programs\Python\Python312\Lib\site-packages\django\db\backends\utils.py", line 105, in _execute
    return self.cursor.execute(sql, params)
           ^^^^^^^^^^^^^^^^^^^^^^^^^^^^^^^^
  File "C:\Users\29681\AppData\Local\Programs\Python\Python312\Lib\site-packages\django\db\backends\sqlite3\base.py", line 359, in execute
    return super().execute(query, params)
           ^^^^^^^^^^^^^^^^^^^^^^^^^^^^^^
django.db.utils.OperationalError: database is locked
[07/Jun/2026 23:34:55] "GET /api/analytics/teaching-plan/ HTTP/1.1" 500 28179
[07/Jun/2026 23:34:55] "GET /api/learning-paths/paths/?page_size=3 HTTP/1.1" 200 57959
[07/Jun/2026 23:34:59] "GET /api/announcements/announcements/pinned/ HTTP/1.1" 200 1301
[07/Jun/2026 23:35:00] "GET /api/announcements/announcements/pinned/ HTTP/1.1" 200 1301
[07/Jun/2026 23:35:01] "GET /api/announcements/announcements/pinned/ HTTP/1.1" 200 1301
[07/Jun/2026 23:35:01] "GET /api/announcements/announcements/pinned/ HTTP/1.1" 200 1301
[07/Jun/2026 23:35:03] "GET /api/announcements/announcements/pinned/ HTTP/1.1" 200 1301
[07/Jun/2026 23:35:03] "GET /api/challenges/categories/ HTTP/1.1" 200 489
[07/Jun/2026 23:35:03] "GET /api/submissions/stats/ HTTP/1.1" 200 726
[07/Jun/2026 23:35:03] "GET /api/challenges/challenges/ HTTP/1.1" 200 7736
[07/Jun/2026 23:35:04] "GET /api/student-profiles/me/ HTTP/1.1" 200 920
[07/Jun/2026 23:35:04] "GET /api/student-profiles/me/persona/ HTTP/1.1" 200 303
[07/Jun/2026 23:35:04] "GET /api/articles/articles/recommend/?limit=3 HTTP/1.1" 200 2080
[07/Jun/2026 23:35:05] "GET /api/analytics/progress-report/ HTTP/1.1" 200 483
[07/Jun/2026 23:35:05] "GET /api/ai/learning/recommend/ HTTP/1.1" 200 1430
[07/Jun/2026 23:35:05] "GET /api/submissions/stats/ HTTP/1.1" 200 726
[07/Jun/2026 23:35:05] "GET /api/analytics/insights/ HTTP/1.1" 200 2820
[07/Jun/2026 23:35:05] "GET /api/learning-paths/recommendations/review-reminders/ HTTP/1.1" 200 1012
[07/Jun/2026 23:35:05] "GET /api/resources/?page_size=3&ordering=-view_count HTTP/1.1" 200 18820
Internal Server Error: /api/analytics/teaching-plan/
Traceback (most recent call last):
  File "C:\Users\29681\AppData\Local\Programs\Python\Python312\Lib\site-packages\django\db\backends\utils.py", line 105, in _execute
    return self.cursor.execute(sql, params)
           ^^^^^^^^^^^^^^^^^^^^^^^^^^^^^^^^
  File "C:\Users\29681\AppData\Local\Programs\Python\Python312\Lib\site-packages\django\db\backends\sqlite3\base.py", line 359, in execute
    return super().execute(query, params)
           ^^^^^^^^^^^^^^^^^^^^^^^^^^^^^^
sqlite3.OperationalError: database is locked

The above exception was the direct cause of the following exception:

Traceback (most recent call last):
  File "C:\Users\29681\AppData\Local\Programs\Python\Python312\Lib\site-packages\django\core\handlers\exception.py", line 55, in inner
    response = get_response(request)
               ^^^^^^^^^^^^^^^^^^^^^
  File "C:\Users\29681\AppData\Local\Programs\Python\Python312\Lib\site-packages\django\core\handlers\base.py", line 198, in _get_response
    response = wrapped_callback(request, *callback_args, **callback_kwargs)
               ^^^^^^^^^^^^^^^^^^^^^^^^^^^^^^^^^^^^^^^^^^^^^^^^^^^^^^^^^^^^
  File "C:\Users\29681\AppData\Local\Programs\Python\Python312\Lib\site-packages\django\views\decorators\csrf.py", line 65, in _view_wrapper
    return view_func(request, *args, **kwargs)
           ^^^^^^^^^^^^^^^^^^^^^^^^^^^^^^^^^^^
  File "C:\Users\29681\AppData\Local\Programs\Python\Python312\Lib\site-packages\django\views\generic\base.py", line 106, in view
    return self.dispatch(request, *args, **kwargs)
           ^^^^^^^^^^^^^^^^^^^^^^^^^^^^^^^^^^^^^^^
  File "C:\Users\29681\AppData\Local\Programs\Python\Python312\Lib\site-packages\rest_framework\views.py", line 515, in dispatch
    response = self.handle_exception(exc)
               ^^^^^^^^^^^^^^^^^^^^^^^^^^
  File "C:\Users\29681\AppData\Local\Programs\Python\Python312\Lib\site-packages\rest_framework\views.py", line 475, in handle_exception
    self.raise_uncaught_exception(exc)
  File "C:\Users\29681\AppData\Local\Programs\Python\Python312\Lib\site-packages\rest_framework\views.py", line 486, in raise_uncaught_exception
    raise exc
  File "C:\Users\29681\AppData\Local\Programs\Python\Python312\Lib\site-packages\rest_framework\views.py", line 512, in dispatch
    response = handler(request, *args, **kwargs)
               ^^^^^^^^^^^^^^^^^^^^^^^^^^^^^^^^^
  File "D:\xwechat_files\wxid_0x71zojosvp622_e4a7\msg\file\2026-06\sjh(2)\sjh\ctf-platform\ctf-platform-export-20260315_184335\project-code\backend\learning_analytics\views.py", line 412, in get
    plan = generate_teaching_plan(request.user)
           ^^^^^^^^^^^^^^^^^^^^^^^^^^^^^^^^^^^^
  File "D:\xwechat_files\wxid_0x71zojosvp622_e4a7\msg\file\2026-06\sjh(2)\sjh\ctf-platform\ctf-platform-export-20260315_184335\project-code\backend\learning_analytics\views.py", line 194, in generate_teaching_plan
    plan, _ = TeachingInterventionPlan.objects.update_or_create(
              ^^^^^^^^^^^^^^^^^^^^^^^^^^^^^^^^^^^^^^^^^^^^^^^^^^
  File "C:\Users\29681\AppData\Local\Programs\Python\Python312\Lib\site-packages\django\db\models\manager.py", line 87, in manager_method
    return getattr(self.get_queryset(), name)(*args, **kwargs)
           ^^^^^^^^^^^^^^^^^^^^^^^^^^^^^^^^^^^^^^^^^^^^^^^^^^^
  File "C:\Users\29681\AppData\Local\Programs\Python\Python312\Lib\site-packages\django\db\models\query.py", line 1053, in update_or_create
    obj.save(using=self.db, update_fields=update_fields)
  File "C:\Users\29681\AppData\Local\Programs\Python\Python312\Lib\site-packages\django\db\models\base.py", line 874, in save
    self.save_base(
  File "C:\Users\29681\AppData\Local\Programs\Python\Python312\Lib\site-packages\django\db\models\base.py", line 966, in save_base
    updated = self._save_table(
              ^^^^^^^^^^^^^^^^^
  File "C:\Users\29681\AppData\Local\Programs\Python\Python312\Lib\site-packages\django\db\models\base.py", line 1110, in _save_table
    results = self._do_update(
              ^^^^^^^^^^^^^^^^
  File "C:\Users\29681\AppData\Local\Programs\Python\Python312\Lib\site-packages\django\db\models\base.py", line 1213, in _do_update
    return filtered._update(values, returning_fields)
           ^^^^^^^^^^^^^^^^^^^^^^^^^^^^^^^^^^^^^^^^^^
  File "C:\Users\29681\AppData\Local\Programs\Python\Python312\Lib\site-packages\django\db\models\query.py", line 1327, in _update
    return query.get_compiler(self.db).execute_returning_sql(returning_fields)
           ^^^^^^^^^^^^^^^^^^^^^^^^^^^^^^^^^^^^^^^^^^^^^^^^^^^^^^^^^^^^^^^^^^^
  File "C:\Users\29681\AppData\Local\Programs\Python\Python312\Lib\site-packages\django\db\models\sql\compiler.py", line 2140, in execute_returning_sql
    row_count = self.execute_sql(ROW_COUNT)
                ^^^^^^^^^^^^^^^^^^^^^^^^^^^
  File "C:\Users\29681\AppData\Local\Programs\Python\Python312\Lib\site-packages\django\db\models\sql\compiler.py", line 2111, in execute_sql
    row_count = super().execute_sql(result_type)
                ^^^^^^^^^^^^^^^^^^^^^^^^^^^^^^^^
  File "C:\Users\29681\AppData\Local\Programs\Python\Python312\Lib\site-packages\django\db\models\sql\compiler.py", line 1624, in execute_sql
    cursor.execute(sql, params)
  File "C:\Users\29681\AppData\Local\Programs\Python\Python312\Lib\site-packages\django\db\backends\utils.py", line 122, in execute
    return super().execute(sql, params)
           ^^^^^^^^^^^^^^^^^^^^^^^^^^^^
  File "C:\Users\29681\AppData\Local\Programs\Python\Python312\Lib\site-packages\django\db\backends\utils.py", line 79, in execute
    return self._execute_with_wrappers(
           ^^^^^^^^^^^^^^^^^^^^^^^^^^^^
  File "C:\Users\29681\AppData\Local\Programs\Python\Python312\Lib\site-packages\django\db\backends\utils.py", line 92, in _execute_with_wrappers
    return executor(sql, params, many, context)
           ^^^^^^^^^^^^^^^^^^^^^^^^^^^^^^^^^^^^
  File "C:\Users\29681\AppData\Local\Programs\Python\Python312\Lib\site-packages\django\db\backends\utils.py", line 100, in _execute
    with self.db.wrap_database_errors:
         ^^^^^^^^^^^^^^^^^^^^^^^^^^^^
  File "C:\Users\29681\AppData\Local\Programs\Python\Python312\Lib\site-packages\django\db\utils.py", line 94, in __exit__
    raise dj_exc_value.with_traceback(traceback) from exc_value
  File "C:\Users\29681\AppData\Local\Programs\Python\Python312\Lib\site-packages\django\db\backends\utils.py", line 105, in _execute
    return self.cursor.execute(sql, params)
           ^^^^^^^^^^^^^^^^^^^^^^^^^^^^^^^^
  File "C:\Users\29681\AppData\Local\Programs\Python\Python312\Lib\site-packages\django\db\backends\sqlite3\base.py", line 359, in execute
    return super().execute(query, params)
           ^^^^^^^^^^^^^^^^^^^^^^^^^^^^^^
django.db.utils.OperationalError: database is locked
[07/Jun/2026 23:35:05] "GET /api/analytics/teaching-plan/ HTTP/1.1" 500 28179
[07/Jun/2026 23:35:05] "GET /api/learning-paths/paths/?page_size=3 HTTP/1.1" 200 57959
[07/Jun/2026 23:36:18] "GET /api/student-profiles/learning-directions/ HTTP/1.1" 200 824
[07/Jun/2026 23:36:19] "GET /api/student-profiles/me/ HTTP/1.1" 200 920
[07/Jun/2026 23:36:19] "GET /api/analytics/weekly-summary/ HTTP/1.1" 200 0
[07/Jun/2026 23:36:21] "GET /api/student-profiles/me/ HTTP/1.1" 200 920
[07/Jun/2026 23:36:21] "GET /api/student-profiles/me/persona/ HTTP/1.1" 200 303
[07/Jun/2026 23:36:21] "GET /api/submissions/stats/ HTTP/1.1" 200 726
[07/Jun/2026 23:36:21] "GET /api/analytics/progress-report/ HTTP/1.1" 200 483
[07/Jun/2026 23:36:21] "GET /api/articles/articles/recommend/?limit=3 HTTP/1.1" 200 2080
[07/Jun/2026 23:36:21] "GET /api/analytics/insights/ HTTP/1.1" 200 2820
Failed to build teaching plan snapshot for student_id=40: database is locked
[07/Jun/2026 23:36:21] "GET /api/ai/learning/recommend/ HTTP/1.1" 200 1396
[07/Jun/2026 23:36:21] "GET /api/analytics/teaching-plan/ HTTP/1.1" 200 1760
[07/Jun/2026 23:36:21] "GET /api/learning-paths/recommendations/review-reminders/ HTTP/1.1" 200 1012
[07/Jun/2026 23:36:21] "GET /api/resources/?page_size=3&ordering=-view_count HTTP/1.1" 200 18820
[07/Jun/2026 23:36:21] "GET /api/learning-paths/paths/?page_size=3 HTTP/1.1" 200 57959
[07/Jun/2026 23:36:22] "GET /api/users/profile/ HTTP/1.1" 200 391
[07/Jun/2026 23:36:22] "GET /api/challenges/challenges/my_solved/ HTTP/1.1" 200 1848
[07/Jun/2026 23:36:22] "GET /api/learning-paths/progress/ HTTP/1.1" 200 332
[07/Jun/2026 23:36:22] "GET /api/submissions/stats/ HTTP/1.1" 200 726
[07/Jun/2026 23:36:22] "GET /api/submissions/my/ HTTP/1.1" 200 1980
[07/Jun/2026 23:36:22] "GET /api/student-profiles/me/ HTTP/1.1" 200 920
[07/Jun/2026 23:36:22] "GET /api/articles/articles/my_favorites/ HTTP/1.1" 200 17349
[07/Jun/2026 23:36:22] "GET /api/student-profiles/me/persona/ HTTP/1.1" 200 303
[07/Jun/2026 23:36:23] "GET /api/student-profiles/learning-directions/ HTTP/1.1" 200 824
[07/Jun/2026 23:36:23] "GET /api/student-profiles/me/ HTTP/1.1" 200 920
[07/Jun/2026 23:36:23] "GET /api/analytics/weekly-summary/ HTTP/1.1" 200 0
[07/Jun/2026 23:48:16] "GET /proxy/health/ HTTP/1.1" 200 8
[07/Jun/2026 23:48:16,982] - Broken pipe from ('127.0.0.1', 53202)
[07/Jun/2026 23:49:42] "GET /api/announcements/announcements/pinned/ HTTP/1.1" 200 1301
[07/Jun/2026 23:49:42] "GET /api/student-profiles/learning-directions/ HTTP/1.1" 200 824
[07/Jun/2026 23:49:42] "GET /api/student-profiles/me/ HTTP/1.1" 200 920
[07/Jun/2026 23:49:42] "GET /api/analytics/weekly-summary/ HTTP/1.1" 200 0
[07/Jun/2026 23:50:13] "GET /api/exams/level-rules/ HTTP/1.1" 200 556
[07/Jun/2026 23:50:13] "GET /api/exams/records/statistics/ HTTP/1.1" 200 103
[07/Jun/2026 23:50:13] "GET /api/exams/records/score_trend/ HTTP/1.1" 200 64
[07/Jun/2026 23:50:13] "GET /api/exams/records/my_history/ HTTP/1.1" 200 24
[07/Jun/2026 23:50:13] "GET /api/exams/records/?status=in_progress HTTP/1.1" 200 52
[07/Jun/2026 23:50:16] "GET /api/student-profiles/me/ HTTP/1.1" 200 920
[07/Jun/2026 23:50:16] "GET /api/student-profiles/me/persona/ HTTP/1.1" 200 303
Failed to build teaching plan snapshot for student_id=40: database is locked
[07/Jun/2026 23:50:16] "GET /api/ai/learning/recommend/ HTTP/1.1" 200 1396
[07/Jun/2026 23:50:17] "GET /api/analytics/insights/ HTTP/1.1" 200 2820
[07/Jun/2026 23:50:17] "GET /api/submissions/stats/ HTTP/1.1" 200 726
[07/Jun/2026 23:50:17] "GET /api/articles/articles/recommend/?limit=3 HTTP/1.1" 200 2080
[07/Jun/2026 23:50:17] "GET /api/analytics/progress-report/ HTTP/1.1" 200 483
[07/Jun/2026 23:50:17] "GET /api/analytics/teaching-plan/ HTTP/1.1" 200 1760
[07/Jun/2026 23:50:17] "GET /api/learning-paths/recommendations/review-reminders/ HTTP/1.1" 200 1012
[07/Jun/2026 23:50:17] "GET /api/resources/?page_size=3&ordering=-view_count HTTP/1.1" 200 18820
[07/Jun/2026 23:50:17] "GET /api/learning-paths/paths/?page_size=3 HTTP/1.1" 200 57959
[07/Jun/2026 23:50:17] "GET /api/users/profile/ HTTP/1.1" 200 391
[07/Jun/2026 23:50:17] "GET /api/learning-paths/progress/ HTTP/1.1" 200 332
[07/Jun/2026 23:50:17] "GET /api/student-profiles/me/persona/ HTTP/1.1" 200 303
[07/Jun/2026 23:50:17] "GET /api/student-profiles/me/ HTTP/1.1" 200 920
[07/Jun/2026 23:50:17] "GET /api/challenges/challenges/my_solved/ HTTP/1.1" 200 1848
[07/Jun/2026 23:50:17] "GET /api/submissions/stats/ HTTP/1.1" 200 726
[07/Jun/2026 23:50:17] "GET /api/articles/articles/my_favorites/ HTTP/1.1" 200 17349
[07/Jun/2026 23:50:17] "GET /api/submissions/my/ HTTP/1.1" 200 1980
[07/Jun/2026 23:50:18] "GET /api/student-profiles/learning-directions/ HTTP/1.1" 200 824
[07/Jun/2026 23:50:18] "GET /api/student-profiles/me/ HTTP/1.1" 200 920
[07/Jun/2026 23:50:18] "GET /api/analytics/weekly-summary/ HTTP/1.1" 200 0
[07/Jun/2026 23:50:19] "GET /api/ai/multi-agent/presets/ HTTP/1.1" 200 790
[07/Jun/2026 23:50:22] "GET /api/exams/level-rules/ HTTP/1.1" 200 556
[07/Jun/2026 23:50:22] "GET /api/exams/records/statistics/ HTTP/1.1" 200 103
[07/Jun/2026 23:50:22] "GET /api/exams/records/score_trend/ HTTP/1.1" 200 64
[07/Jun/2026 23:50:22] "GET /api/exams/records/my_history/ HTTP/1.1" 200 24
[07/Jun/2026 23:50:22] "GET /api/exams/records/?status=in_progress HTTP/1.1" 200 52
[07/Jun/2026 23:50:22] "GET /api/articles/articles/hot/?limit=10 HTTP/1.1" 200 4818
[07/Jun/2026 23:50:22] "GET /api/articles/articles/recommend/?limit=6 HTTP/1.1" 200 2799
[07/Jun/2026 23:50:22] "GET /api/articles/articles/?page=1&page_size=10 HTTP/1.1" 200 4846
[07/Jun/2026 23:50:22] "GET /api/articles/categories/ HTTP/1.1" 200 708
[07/Jun/2026 23:50:23] "GET /api/resources/?page=1&page_size=12&ordering=-created_at HTTP/1.1" 200 18820
[07/Jun/2026 23:50:24] "GET /api/learning-paths/paths/ HTTP/1.1" 200 57959
[07/Jun/2026 23:50:24] "GET /api/ai/multi-agent/presets/ HTTP/1.1" 200 790
[07/Jun/2026 23:50:25] "GET /api/student-profiles/me/ HTTP/1.1" 200 920
[07/Jun/2026 23:50:25] "GET /api/student-profiles/me/persona/ HTTP/1.1" 200 303
[07/Jun/2026 23:50:25] "GET /api/articles/articles/recommend/?limit=3 HTTP/1.1" 200 2080
[07/Jun/2026 23:50:25] "GET /api/analytics/progress-report/ HTTP/1.1" 200 483
[07/Jun/2026 23:50:25] "GET /api/submissions/stats/ HTTP/1.1" 200 726
[07/Jun/2026 23:50:25] "GET /api/ai/learning/recommend/ HTTP/1.1" 200 1430
[07/Jun/2026 23:50:25] "GET /api/analytics/insights/ HTTP/1.1" 200 2820
[07/Jun/2026 23:50:25] "GET /api/analytics/teaching-plan/ HTTP/1.1" 200 1760
[07/Jun/2026 23:50:25] "GET /api/learning-paths/recommendations/review-reminders/ HTTP/1.1" 200 1012
[07/Jun/2026 23:50:26] "GET /api/resources/?page_size=3&ordering=-view_count HTTP/1.1" 200 18820
[07/Jun/2026 23:50:26] "GET /api/learning-paths/paths/?page_size=3 HTTP/1.1" 200 57959
[07/Jun/2026 23:50:28] "GET /api/users/profile/ HTTP/1.1" 200 391
[07/Jun/2026 23:50:28] "GET /api/challenges/challenges/my_solved/ HTTP/1.1" 200 1848
[07/Jun/2026 23:50:28] "GET /api/student-profiles/me/persona/ HTTP/1.1" 200 303
[07/Jun/2026 23:50:28] "GET /api/learning-paths/progress/ HTTP/1.1" 200 332
[07/Jun/2026 23:50:28] "GET /api/student-profiles/me/ HTTP/1.1" 200 920
[07/Jun/2026 23:50:28] "GET /api/submissions/stats/ HTTP/1.1" 200 726
[07/Jun/2026 23:50:28] "GET /api/articles/articles/my_favorites/ HTTP/1.1" 200 17349
[07/Jun/2026 23:50:28] "GET /api/submissions/my/ HTTP/1.1" 200 1980
[07/Jun/2026 23:50:29] "GET /api/student-profiles/learning-directions/ HTTP/1.1" 200 824
[07/Jun/2026 23:50:29] "GET /api/student-profiles/me/ HTTP/1.1" 200 920
[07/Jun/2026 23:50:29] "GET /api/analytics/weekly-summary/ HTTP/1.1" 200 0
[07/Jun/2026 23:50:32] "GET /api/ai/multi-agent/presets/ HTTP/1.1" 200 790
[07/Jun/2026 23:50:34] "GET /api/users/profile/ HTTP/1.1" 200 391
[07/Jun/2026 23:50:34] "GET /api/learning-paths/progress/ HTTP/1.1" 200 332
[07/Jun/2026 23:50:34] "GET /api/challenges/challenges/my_solved/ HTTP/1.1" 200 1848
[07/Jun/2026 23:50:34] "GET /api/submissions/stats/ HTTP/1.1" 200 726
[07/Jun/2026 23:50:34] "GET /api/student-profiles/me/persona/ HTTP/1.1" 200 303
[07/Jun/2026 23:50:34] "GET /api/student-profiles/me/ HTTP/1.1" 200 920
[07/Jun/2026 23:50:34] "GET /api/articles/articles/my_favorites/ HTTP/1.1" 200 17349
[07/Jun/2026 23:50:34] "GET /api/submissions/my/ HTTP/1.1" 200 1980
[07/Jun/2026 23:50:34] "GET /api/student-profiles/learning-directions/ HTTP/1.1" 200 824
[07/Jun/2026 23:50:34] "GET /api/student-profiles/me/ HTTP/1.1" 200 920
[07/Jun/2026 23:50:34] "GET /api/analytics/weekly-summary/ HTTP/1.1" 200 0
[07/Jun/2026 23:50:44,235] - Broken pipe from ('127.0.0.1', 51358)
Not Found: /
[07/Jun/2026 23:51:42] "GET / HTTP/1.1" 404 5069
Not Found: /favicon.ico
[07/Jun/2026 23:51:42] "GET /favicon.ico HTTP/1.1" 404 5120
[07/Jun/2026 23:53:16] "GET /api/announcements/announcements/pinned/ HTTP/1.1" 200 1301
[07/Jun/2026 23:53:16] "GET /api/challenges/challenges/ HTTP/1.1" 200 7740
[07/Jun/2026 23:54:13] "GET /api/announcements/announcements/pinned/ HTTP/1.1" 200 1301
[07/Jun/2026 23:54:13] "GET /api/challenges/challenges/ HTTP/1.1" 200 7740
[07/Jun/2026 23:54:14] "GET /api/resources/?page=1&page_size=12&ordering=-created_at HTTP/1.1" 200 18820
[07/Jun/2026 23:54:22] "POST /api/users/login/ HTTP/1.1" 200 476
[07/Jun/2026 23:54:22] "GET /api/challenges/challenges/ HTTP/1.1" 200 7736
[07/Jun/2026 23:54:25] "GET /api/exams/level-rules/ HTTP/1.1" 200 556
[07/Jun/2026 23:54:25] "GET /api/exams/records/statistics/ HTTP/1.1" 200 103
[07/Jun/2026 23:54:25] "GET /api/exams/records/score_trend/ HTTP/1.1" 200 64
[07/Jun/2026 23:54:25] "GET /api/exams/records/my_history/ HTTP/1.1" 200 24
[07/Jun/2026 23:54:25] "GET /api/exams/records/?status=in_progress HTTP/1.1" 200 52
[07/Jun/2026 23:56:18] "GET /api/student-profiles/me/ HTTP/1.1" 200 920
[07/Jun/2026 23:56:18] "GET /api/student-profiles/me/persona/ HTTP/1.1" 200 303
[07/Jun/2026 23:56:18] "GET /api/articles/articles/recommend/?limit=3 HTTP/1.1" 200 2080
Failed to build teaching plan snapshot for student_id=40: database is locked
[07/Jun/2026 23:56:18] "GET /api/ai/learning/recommend/ HTTP/1.1" 200 1396
[07/Jun/2026 23:56:18] "GET /api/analytics/progress-report/ HTTP/1.1" 200 483
[07/Jun/2026 23:56:19] "GET /api/analytics/insights/ HTTP/1.1" 200 2820
[07/Jun/2026 23:56:19] "GET /api/submissions/stats/ HTTP/1.1" 200 726
[07/Jun/2026 23:56:19] "GET /api/analytics/teaching-plan/ HTTP/1.1" 200 1760
[07/Jun/2026 23:56:19] "GET /api/learning-paths/recommendations/review-reminders/ HTTP/1.1" 200 1012
[07/Jun/2026 23:56:19] "GET /api/resources/?page_size=3&ordering=-view_count HTTP/1.1" 200 18820
[07/Jun/2026 23:56:19] "GET /api/learning-paths/paths/?page_size=3 HTTP/1.1" 200 57959
[07/Jun/2026 23:56:22] "GET /api/student-profiles/me/ HTTP/1.1" 200 920
[07/Jun/2026 23:56:22] "GET /api/student-profiles/learning-directions/ HTTP/1.1" 200 824
[07/Jun/2026 23:56:22] "GET /api/analytics/weekly-summary/ HTTP/1.1" 200 0
[08/Jun/2026 00:00:03] "GET /api/student-profiles/learning-directions/ HTTP/1.1" 200 824
[08/Jun/2026 00:00:03] "GET /api/student-profiles/me/ HTTP/1.1" 200 920
[08/Jun/2026 00:00:03] "GET /api/analytics/weekly-summary/ HTTP/1.1" 200 0
[08/Jun/2026 00:01:30] "GET /api/student-profiles/learning-directions/ HTTP/1.1" 200 824
[08/Jun/2026 00:01:30] "GET /api/student-profiles/me/ HTTP/1.1" 200 920
[08/Jun/2026 00:01:30] "GET /api/analytics/weekly-summary/ HTTP/1.1" 200 0
[08/Jun/2026 00:01:59] "GET /api/student-profiles/learning-directions/ HTTP/1.1" 200 824
[08/Jun/2026 00:01:59] "GET /api/student-profiles/me/ HTTP/1.1" 200 920
[08/Jun/2026 00:01:59] "GET /api/analytics/teaching-plan/ HTTP/1.1" 200 1760
[08/Jun/2026 00:01:59] "GET /api/analytics/weekly-summary/ HTTP/1.1" 200 0
[08/Jun/2026 00:02:18] "GET /api/student-profiles/learning-directions/ HTTP/1.1" 200 824
[08/Jun/2026 00:02:18] "GET /api/student-profiles/me/ HTTP/1.1" 200 920
[08/Jun/2026 00:02:18] "GET /api/analytics/teaching-plan/ HTTP/1.1" 200 1760
[08/Jun/2026 00:02:18] "GET /api/analytics/weekly-summary/ HTTP/1.1" 200 0
[08/Jun/2026 00:02:32] "GET /api/student-profiles/me/ HTTP/1.1" 200 920
[08/Jun/2026 00:02:32] "GET /api/student-profiles/learning-directions/ HTTP/1.1" 200 824
[08/Jun/2026 00:02:32] "GET /api/analytics/teaching-plan/ HTTP/1.1" 200 1760
[08/Jun/2026 00:02:32] "GET /api/analytics/weekly-summary/ HTTP/1.1" 200 0
[08/Jun/2026 00:05:40] "GET /api/announcements/announcements/pinned/ HTTP/1.1" 200 1301
[08/Jun/2026 00:05:40] "GET /api/student-profiles/learning-directions/ HTTP/1.1" 200 824
[08/Jun/2026 00:05:40] "GET /api/student-profiles/me/ HTTP/1.1" 200 920
[08/Jun/2026 00:05:40] "GET /api/analytics/teaching-plan/ HTTP/1.1" 200 1760
[08/Jun/2026 00:05:40] "GET /api/analytics/weekly-summary/ HTTP/1.1" 200 0
[08/Jun/2026 00:05:49] "GET /api/challenges/categories/ HTTP/1.1" 200 489
[08/Jun/2026 00:05:49] "GET /api/submissions/stats/ HTTP/1.1" 200 726
[08/Jun/2026 00:05:49] "GET /api/challenges/challenges/ HTTP/1.1" 200 7736
[08/Jun/2026 00:05:49] "GET /api/student-profiles/me/ HTTP/1.1" 200 920
[08/Jun/2026 00:05:49] "GET /api/student-profiles/me/persona/ HTTP/1.1" 200 303
[08/Jun/2026 00:05:49] "GET /api/articles/articles/recommend/?limit=3 HTTP/1.1" 200 2080
[08/Jun/2026 00:05:49] "GET /api/analytics/progress-report/ HTTP/1.1" 200 483
[08/Jun/2026 00:05:49] "GET /api/submissions/stats/ HTTP/1.1" 200 726
Failed to build teaching plan snapshot for student_id=40: database is locked
[08/Jun/2026 00:05:49] "GET /api/ai/learning/recommend/ HTTP/1.1" 200 1396
[08/Jun/2026 00:05:49] "GET /api/analytics/insights/ HTTP/1.1" 200 2820
[08/Jun/2026 00:05:49] "GET /api/analytics/teaching-plan/ HTTP/1.1" 200 1760
[08/Jun/2026 00:05:49] "GET /api/learning-paths/recommendations/review-reminders/ HTTP/1.1" 200 1012
[08/Jun/2026 00:05:49] "GET /api/resources/?page_size=3&ordering=-view_count HTTP/1.1" 200 18820
[08/Jun/2026 00:05:49] "GET /api/learning-paths/paths/?page_size=3 HTTP/1.1" 200 57959
[08/Jun/2026 00:07:00] "GET /api/announcements/announcements/pinned/ HTTP/1.1" 200 1301
[08/Jun/2026 00:07:01] "GET /api/challenges/challenges/ HTTP/1.1" 200 7736
[08/Jun/2026 00:08:57] "GET /api/student-profiles/me/ HTTP/1.1" 200 920
[08/Jun/2026 00:08:57] "GET /api/student-profiles/me/persona/ HTTP/1.1" 200 303
[08/Jun/2026 00:08:57] "GET /api/analytics/progress-report/ HTTP/1.1" 200 483
[08/Jun/2026 00:08:57] "GET /api/submissions/stats/ HTTP/1.1" 200 726
[08/Jun/2026 00:08:57] "GET /api/articles/articles/recommend/?limit=3 HTTP/1.1" 200 2080
[08/Jun/2026 00:08:57] "GET /api/ai/learning/recommend/ HTTP/1.1" 200 1430
[08/Jun/2026 00:08:57] "GET /api/analytics/insights/ HTTP/1.1" 200 2820
[08/Jun/2026 00:08:57] "GET /api/analytics/teaching-plan/ HTTP/1.1" 200 1760
[08/Jun/2026 00:08:57] "GET /api/learning-paths/recommendations/review-reminders/ HTTP/1.1" 200 1012
[08/Jun/2026 00:08:57] "GET /api/resources/?page_size=3&ordering=-view_count HTTP/1.1" 200 18820
[08/Jun/2026 00:08:57] "GET /api/learning-paths/paths/?page_size=3 HTTP/1.1" 200 57959
[08/Jun/2026 00:11:29] "GET /api/exams/level-rules/ HTTP/1.1" 200 556
[08/Jun/2026 00:11:29] "GET /api/exams/records/statistics/ HTTP/1.1" 200 103
[08/Jun/2026 00:11:29] "GET /api/exams/records/score_trend/ HTTP/1.1" 200 64
[08/Jun/2026 00:11:29] "GET /api/exams/records/my_history/ HTTP/1.1" 200 24
[08/Jun/2026 00:11:29] "GET /api/exams/records/?status=in_progress HTTP/1.1" 200 52
[08/Jun/2026 00:19:35] "GET /api/announcements/announcements/pinned/ HTTP/1.1" 200 1301
[08/Jun/2026 00:19:36] "GET /api/exams/level-rules/ HTTP/1.1" 200 556
[08/Jun/2026 00:19:36] "GET /api/exams/records/statistics/ HTTP/1.1" 200 111
[08/Jun/2026 00:19:36] "GET /api/exams/records/score_trend/ HTTP/1.1" 200 124
[08/Jun/2026 00:19:36] "GET /api/exams/records/my_history/ HTTP/1.1" 200 18291
[08/Jun/2026 00:19:36] "GET /api/exams/records/?status=in_progress HTTP/1.1" 200 52
[08/Jun/2026 00:19:53] "GET /api/exams/records/46/result/ HTTP/1.1" 200 1740
Not Found: /api/exams/practice-exams/18/questions/
[08/Jun/2026 00:19:53] "GET /api/exams/practice-exams/18/questions/ HTTP/1.1" 404 53
[08/Jun/2026 00:19:55] "GET /api/exams/level-rules/ HTTP/1.1" 200 556
[08/Jun/2026 00:19:55] "GET /api/exams/records/statistics/ HTTP/1.1" 200 111
[08/Jun/2026 00:19:55] "GET /api/exams/records/score_trend/ HTTP/1.1" 200 124
[08/Jun/2026 00:19:55] "GET /api/exams/records/my_history/ HTTP/1.1" 200 18291
[08/Jun/2026 00:19:55] "GET /api/exams/records/?status=in_progress HTTP/1.1" 200 52
[08/Jun/2026 00:19:59] "GET /api/exams/records/45/result/ HTTP/1.1" 200 16526
Not Found: /api/exams/theory-exams/28/questions/
[08/Jun/2026 00:19:59] "GET /api/exams/theory-exams/28/questions/ HTTP/1.1" 404 51
[08/Jun/2026 00:20:01] "GET /api/exams/level-rules/ HTTP/1.1" 200 556
[08/Jun/2026 00:20:01] "GET /api/exams/records/statistics/ HTTP/1.1" 200 111
[08/Jun/2026 00:20:01] "GET /api/exams/records/score_trend/ HTTP/1.1" 200 124
[08/Jun/2026 00:20:01] "GET /api/exams/records/my_history/ HTTP/1.1" 200 18291
[08/Jun/2026 00:20:01] "GET /api/exams/records/?status=in_progress HTTP/1.1" 200 52
[08/Jun/2026 00:22:37] "GET /api/announcements/announcements/pinned/ HTTP/1.1" 200 1301
[08/Jun/2026 00:22:37] "GET /api/exams/level-rules/ HTTP/1.1" 200 556
[08/Jun/2026 00:22:37] "GET /api/exams/records/statistics/ HTTP/1.1" 200 111
[08/Jun/2026 00:22:37] "GET /api/exams/records/score_trend/ HTTP/1.1" 200 124
[08/Jun/2026 00:22:37] "GET /api/exams/records/my_history/ HTTP/1.1" 200 18188
[08/Jun/2026 00:22:37] "GET /api/exams/records/?status=in_progress HTTP/1.1" 200 52
[08/Jun/2026 00:25:56] "GET /api/exams/level-rules/ HTTP/1.1" 200 556
[08/Jun/2026 00:25:56] "GET /api/exams/records/statistics/ HTTP/1.1" 200 111
[08/Jun/2026 00:25:56] "GET /api/exams/records/score_trend/ HTTP/1.1" 200 124
[08/Jun/2026 00:25:56] "GET /api/exams/records/my_history/ HTTP/1.1" 200 18188
[08/Jun/2026 00:25:56] "GET /api/exams/records/?status=in_progress HTTP/1.1" 200 52
[08/Jun/2026 00:26:09] "GET /api/exams/level-rules/ HTTP/1.1" 200 556
[08/Jun/2026 00:26:09] "GET /api/exams/records/statistics/ HTTP/1.1" 200 111
[08/Jun/2026 00:26:09] "GET /api/exams/records/score_trend/ HTTP/1.1" 200 124
[08/Jun/2026 00:26:09] "GET /api/exams/records/my_history/ HTTP/1.1" 200 18188
[08/Jun/2026 00:26:09] "GET /api/exams/records/?status=in_progress HTTP/1.1" 200 52
[08/Jun/2026 00:27:49] "GET /proxy/health/ HTTP/1.1" 200 8
[08/Jun/2026 00:27:49,264] - Broken pipe from ('127.0.0.1', 57116)
